32c32
< CONFIG_CROSS_COMPILE=""
---
> CONFIG_CROSS_COMPILE="arm-none-eabi-"
47,49c47,48
< # CONFIG_SWAP is not set
< CONFIG_SYSVIPC=y
< CONFIG_SYSVIPC_SYSCTL=y
---
> CONFIG_SWAP=y
> # CONFIG_SYSVIPC is not set
53,54c52,53
< CONFIG_USELIB=y
< CONFIG_AUDIT=y
---
> # CONFIG_USELIB is not set
> # CONFIG_AUDIT is not set
56,58d54
< CONFIG_AUDITSYSCALL=y
< CONFIG_AUDIT_WATCH=y
< CONFIG_AUDIT_TREE=y
66d61
< CONFIG_GENERIC_IRQ_EFFECTIVE_AFF_MASK=y
68d62
< CONFIG_GENERIC_IRQ_CHIP=y
70,72d63
< CONFIG_IRQ_DOMAIN_HIERARCHY=y
< CONFIG_GENERIC_MSI_IRQ=y
< CONFIG_GENERIC_MSI_IRQ_DOMAIN=y
74d64
< CONFIG_IRQ_DOMAIN_DEBUG=y
77d66
< CONFIG_GENERIC_IRQ_DEBUGFS=y
84,87c73,75
< CONFIG_TICK_ONESHOT=y
< CONFIG_NO_HZ_COMMON=y
< # CONFIG_HZ_PERIODIC is not set
< CONFIG_NO_HZ_IDLE=y
---
> CONFIG_HZ_PERIODIC=y
> # CONFIG_NO_HZ_IDLE is not set
> # CONFIG_NO_HZ_FULL is not set
89c77
< CONFIG_HIGH_RES_TIMERS=y
---
> # CONFIG_HIGH_RES_TIMERS is not set
97,98c85
< CONFIG_BSD_PROCESS_ACCT=y
< # CONFIG_BSD_PROCESS_ACCT_V3 is not set
---
> # CONFIG_BSD_PROCESS_ACCT is not set
111,112c98,100
< # CONFIG_BUILD_BIN2C is not set
< # CONFIG_IKCONFIG is not set
---
> CONFIG_BUILD_BIN2C=y
> CONFIG_IKCONFIG=y
> CONFIG_IKCONFIG_PROC=y
120d107
< CONFIG_IPC_NS=y
141c128
< # CONFIG_EXPERT is not set
---
> CONFIG_EXPERT=y
178c165,166
< # CONFIG_PERF_EVENTS is not set
---
> CONFIG_PERF_EVENTS=y
> # CONFIG_DEBUG_PERF_USE_VMALLOC is not set
183a172
> # CONFIG_SLOB is not set
207a197
> CONFIG_HAVE_HW_BREAKPOINT=y
212a203
> CONFIG_SECCOMP_FILTER=y
250d240
< # CONFIG_GCOV_KERNEL is not set
257c247
< # CONFIG_MODULE_FORCE_LOAD is not set
---
> CONFIG_MODULE_FORCE_LOAD=y
259,260c249,250
< # CONFIG_MODULE_FORCE_UNLOAD is not set
< CONFIG_MODVERSIONS=y
---
> CONFIG_MODULE_FORCE_UNLOAD=y
> # CONFIG_MODVERSIONS is not set
264c254
< # CONFIG_TRIM_UNUSED_KSYMS is not set
---
> CONFIG_MODULES_TREE_LOOKUP=y
274d263
< CONFIG_BLK_DEBUG_FS=y
280,286c269
< CONFIG_PARTITION_ADVANCED=y
< # CONFIG_ACORN_PARTITION is not set
< # CONFIG_AIX_PARTITION is not set
< # CONFIG_OSF_PARTITION is not set
< # CONFIG_AMIGA_PARTITION is not set
< # CONFIG_ATARI_PARTITION is not set
< # CONFIG_MAC_PARTITION is not set
---
> # CONFIG_PARTITION_ADVANCED is not set
288,296d270
< # CONFIG_BSD_DISKLABEL is not set
< # CONFIG_MINIX_SUBPARTITION is not set
< # CONFIG_SOLARIS_X86_PARTITION is not set
< # CONFIG_UNIXWARE_DISKLABEL is not set
< # CONFIG_LDM_PARTITION is not set
< # CONFIG_SGI_PARTITION is not set
< # CONFIG_ULTRIX_PARTITION is not set
< # CONFIG_SUN_PARTITION is not set
< # CONFIG_KARMA_PARTITION is not set
298,299d271
< # CONFIG_SYSV68_PARTITION is not set
< # CONFIG_CMDLINE_PARTITION is not set
315c287,291
< CONFIG_UNINLINE_SPIN_UNLOCK=y
---
> CONFIG_INLINE_SPIN_UNLOCK_IRQ=y
> CONFIG_INLINE_READ_UNLOCK=y
> CONFIG_INLINE_READ_UNLOCK_IRQ=y
> CONFIG_INLINE_WRITE_UNLOCK=y
> CONFIG_INLINE_WRITE_UNLOCK_IRQ=y
384,387c360
< CONFIG_PLAT_SPEAR=y
< CONFIG_ARCH_SPEAR13XX=y
< CONFIG_MACH_SPEAR1310=y
< CONFIG_MACH_SPEAR1340=y
---
> # CONFIG_PLAT_SPEAR is not set
438a412
> # CONFIG_CACHE_L2X0_PMU is not set
467,473c441,442
< CONFIG_PCIEPORTBUS=y
< CONFIG_PCIEAER=y
< # CONFIG_PCIE_ECRC is not set
< # CONFIG_PCIEAER_INJECT is not set
< CONFIG_PCIEASPM=y
< # CONFIG_PCIEASPM_DEBUG is not set
< CONFIG_PCIEASPM_DEFAULT=y
---
> # CONFIG_PCIEPORTBUS is not set
> # CONFIG_PCIEASPM_DEFAULT is not set
477,481c446
< CONFIG_PCIE_PME=y
< # CONFIG_PCIE_DPC is not set
< # CONFIG_PCIE_PTM is not set
< CONFIG_PCI_MSI=y
< CONFIG_PCI_MSI_IRQ_DOMAIN=y
---
> # CONFIG_PCI_MSI is not set
493,497d457
< CONFIG_PCIE_DW=y
< CONFIG_PCIE_DW_HOST=y
< # CONFIG_PCIE_DW_PLAT is not set
< CONFIG_PCIE_SPEAR13XX=y
< # CONFIG_PCI_LAYERSCAPE is not set
534c494
< CONFIG_HZ_100=y
---
> # CONFIG_HZ_100 is not set
539,541c499,501
< # CONFIG_HZ_1000 is not set
< CONFIG_HZ=100
< CONFIG_SCHED_HRTICK=y
---
> CONFIG_HZ_1000=y
> CONFIG_HZ=1000
> # CONFIG_SCHED_HRTICK is not set
550a511
> CONFIG_HW_PERF_EVENTS=y
559c520,521
< # CONFIG_COMPACTION is not set
---
> CONFIG_COMPACTION=y
> CONFIG_MIGRATION=y
565a528
> # CONFIG_FRONTSWAP is not set
575,576c538,539
< CONFIG_UACCESS_WITH_MEMCPY=y
< # CONFIG_SECCOMP is not set
---
> # CONFIG_UACCESS_WITH_MEMCPY is not set
> CONFIG_SECCOMP=y
591,594c554
< CONFIG_ARM_APPENDED_DTB=y
< CONFIG_ARM_ATAG_DTB_COMPAT=y
< CONFIG_ARM_ATAG_DTB_COMPAT_CMDLINE_FROM_BOOTLOADER=y
< # CONFIG_ARM_ATAG_DTB_COMPAT_CMDLINE_EXTEND is not set
---
> # CONFIG_ARM_APPENDED_DTB is not set
608a569,574
> # CONFIG_CPU_FREQ_DEFAULT_GOV_PERFORMANCE is not set
> # CONFIG_CPU_FREQ_DEFAULT_GOV_POWERSAVE is not set
> # CONFIG_CPU_FREQ_DEFAULT_GOV_USERSPACE is not set
> # CONFIG_CPU_FREQ_DEFAULT_GOV_ONDEMAND is not set
> # CONFIG_CPU_FREQ_DEFAULT_GOV_CONSERVATIVE is not set
> # CONFIG_CPU_FREQ_DEFAULT_GOV_SCHEDUTIL is not set
613c579,586
< # CONFIG_CPU_IDLE is not set
---
> CONFIG_CPU_IDLE=y
> CONFIG_CPU_IDLE_GOV_LADDER=y
> # CONFIG_CPU_IDLE_GOV_MENU is not set
> 
> #
> # ARM CPU Idle Drivers
> #
> # CONFIG_ARM_CPUIDLE is not set
623,625c596
< CONFIG_VFP=y
< CONFIG_VFPv3=y
< # CONFIG_NEON is not set
---
> # CONFIG_VFP is not set
636c607
< CONFIG_BINFMT_MISC=y
---
> # CONFIG_BINFMT_MISC is not set
643a615,616
> # CONFIG_SUSPEND_SKIP_SYNC is not set
> # CONFIG_HIBERNATION is not set
662,669c635
< CONFIG_UNIX=y
< # CONFIG_UNIX_DIAG is not set
< # CONFIG_TLS is not set
< CONFIG_XFRM=y
< # CONFIG_XFRM_USER is not set
< # CONFIG_XFRM_SUB_POLICY is not set
< # CONFIG_XFRM_MIGRATE is not set
< # CONFIG_XFRM_STATISTICS is not set
---
> # CONFIG_UNIX is not set
671,726c637
< CONFIG_INET=y
< # CONFIG_IP_MULTICAST is not set
< # CONFIG_IP_ADVANCED_ROUTER is not set
< CONFIG_IP_PNP=y
< CONFIG_IP_PNP_DHCP=y
< CONFIG_IP_PNP_BOOTP=y
< # CONFIG_IP_PNP_RARP is not set
< CONFIG_NET_IPIP=y
< # CONFIG_NET_IPGRE_DEMUX is not set
< CONFIG_NET_IP_TUNNEL=y
< # CONFIG_SYN_COOKIES is not set
< # CONFIG_NET_IPVTI is not set
< # CONFIG_NET_UDP_TUNNEL is not set
< # CONFIG_NET_FOU is not set
< # CONFIG_NET_FOU_IP_TUNNELS is not set
< # CONFIG_INET_AH is not set
< # CONFIG_INET_ESP is not set
< # CONFIG_INET_IPCOMP is not set
< # CONFIG_INET_XFRM_TUNNEL is not set
< CONFIG_INET_TUNNEL=y
< CONFIG_INET_XFRM_MODE_TRANSPORT=y
< CONFIG_INET_XFRM_MODE_TUNNEL=y
< CONFIG_INET_XFRM_MODE_BEET=y
< CONFIG_INET_DIAG=y
< CONFIG_INET_TCP_DIAG=y
< # CONFIG_INET_UDP_DIAG is not set
< # CONFIG_INET_RAW_DIAG is not set
< # CONFIG_INET_DIAG_DESTROY is not set
< # CONFIG_TCP_CONG_ADVANCED is not set
< CONFIG_TCP_CONG_CUBIC=y
< CONFIG_DEFAULT_TCP_CONG="cubic"
< # CONFIG_TCP_MD5SIG is not set
< CONFIG_IPV6=y
< # CONFIG_IPV6_ROUTER_PREF is not set
< # CONFIG_IPV6_OPTIMISTIC_DAD is not set
< # CONFIG_INET6_AH is not set
< # CONFIG_INET6_ESP is not set
< # CONFIG_INET6_IPCOMP is not set
< # CONFIG_IPV6_MIP6 is not set
< # CONFIG_INET6_XFRM_TUNNEL is not set
< # CONFIG_INET6_TUNNEL is not set
< CONFIG_INET6_XFRM_MODE_TRANSPORT=y
< CONFIG_INET6_XFRM_MODE_TUNNEL=y
< CONFIG_INET6_XFRM_MODE_BEET=y
< # CONFIG_INET6_XFRM_MODE_ROUTEOPTIMIZATION is not set
< # CONFIG_IPV6_VTI is not set
< CONFIG_IPV6_SIT=y
< # CONFIG_IPV6_SIT_6RD is not set
< CONFIG_IPV6_NDISC_NODETYPE=y
< # CONFIG_IPV6_TUNNEL is not set
< # CONFIG_IPV6_FOU is not set
< # CONFIG_IPV6_FOU_TUNNEL is not set
< # CONFIG_IPV6_MULTIPLE_TABLES is not set
< # CONFIG_IPV6_MROUTE is not set
< # CONFIG_IPV6_SEG6_LWTUNNEL is not set
< # CONFIG_IPV6_SEG6_HMAC is not set
---
> # CONFIG_INET is not set
728c639
< CONFIG_NET_PTP_CLASSIFY=y
---
> # CONFIG_NET_PTP_CLASSIFY is not set
731,734d641
< # CONFIG_IP_DCCP is not set
< # CONFIG_IP_SCTP is not set
< # CONFIG_RDS is not set
< # CONFIG_TIPC is not set
736d642
< # CONFIG_L2TP is not set
738,739d643
< CONFIG_HAVE_NET_DSA=y
< # CONFIG_NET_DSA is not set
748d651
< # CONFIG_6LOWPAN is not set
753d655
< # CONFIG_OPENVSWITCH is not set
759,761d660
< # CONFIG_NET_SWITCHDEV is not set
< # CONFIG_NET_L3_MASTER_DEV is not set
< # CONFIG_NET_NCSI is not set
769d667
< # CONFIG_NET_PKTGEN is not set
773,774d670
< # CONFIG_AF_RXRPC is not set
< # CONFIG_AF_KCM is not set
782a679
> # CONFIG_MAC80211_RC_DEFAULT_MINSTREL is not set
788d684
< # CONFIG_CEPH_LIB is not set
793,794c689,690
< CONFIG_DST_CACHE=y
< CONFIG_GRO_CELLS=y
---
> # CONFIG_DST_CACHE is not set
> # CONFIG_GRO_CELLS is not set
802d697
< CONFIG_ARM_AMBA=y
808c703
< CONFIG_UEVENT_HELPER_PATH="/sbin/hotplug"
---
> CONFIG_UEVENT_HELPER_PATH=""
825,826d719
< CONFIG_REGMAP_I2C=y
< CONFIG_REGMAP_SPI=y
828a722,725
> # CONFIG_CMA_SIZE_SEL_MBYTES is not set
> # CONFIG_CMA_SIZE_SEL_PERCENTAGE is not set
> # CONFIG_CMA_SIZE_SEL_MIN is not set
> # CONFIG_CMA_SIZE_SEL_MAX is not set
832a730,732
> # CONFIG_ARM_CCI400_PMU is not set
> # CONFIG_ARM_CCI5xx_PMU is not set
> # CONFIG_ARM_CCN is not set
852,853c752,753
< CONFIG_MTD_BLKDEVS=y
< CONFIG_MTD_BLOCK=y
---
> # CONFIG_MTD_BLOCK is not set
> # CONFIG_MTD_BLOCK_RO is not set
860a761
> # CONFIG_MTD_SWAP is not set
893,896d793
< # CONFIG_MTD_DATAFLASH is not set
< # CONFIG_MTD_MCHP23K256 is not set
< CONFIG_MTD_SPEAR_SMI=y
< # CONFIG_MTD_SST25L is not set
906,922c803
< CONFIG_MTD_NAND_ECC=y
< # CONFIG_MTD_NAND_ECC_SMC is not set
< CONFIG_MTD_NAND=y
< # CONFIG_MTD_NAND_ECC_BCH is not set
< # CONFIG_MTD_SM_COMMON is not set
< # CONFIG_MTD_NAND_DENALI_PCI is not set
< # CONFIG_MTD_NAND_DENALI_DT is not set
< # CONFIG_MTD_NAND_GPIO is not set
< # CONFIG_MTD_NAND_OMAP_BCH_BUILD is not set
< # CONFIG_MTD_NAND_RICOH is not set
< # CONFIG_MTD_NAND_DISKONCHIP is not set
< # CONFIG_MTD_NAND_DOCG4 is not set
< # CONFIG_MTD_NAND_CAFE is not set
< # CONFIG_MTD_NAND_NANDSIM is not set
< # CONFIG_MTD_NAND_BRCMNAND is not set
< # CONFIG_MTD_NAND_PLATFORM is not set
< CONFIG_MTD_NAND_FSMC=y
---
> # CONFIG_MTD_NAND is not set
940,941d820
< CONFIG_OF_NET=y
< CONFIG_OF_MDIO=y
955c834,837
< # CONFIG_BLK_DEV_DRBD is not set
---
> 
> #
> # DRBD disabled because PROC_FS or INET not selected
> #
958,960c840
< CONFIG_BLK_DEV_RAM=y
< CONFIG_BLK_DEV_RAM_COUNT=16
< CONFIG_BLK_DEV_RAM_SIZE=16384
---
> # CONFIG_BLK_DEV_RAM is not set
963d842
< # CONFIG_BLK_DEV_RBD is not set
972,973c851
< # CONFIG_AD525X_DPOT is not set
< # CONFIG_DUMMY_IRQ is not set
---
> CONFIG_DUMMY_IRQ=m
977d854
< # CONFIG_ICS932S401 is not set
980,990d856
< # CONFIG_APDS9802ALS is not set
< # CONFIG_ISL29003 is not set
< # CONFIG_ISL29020 is not set
< # CONFIG_SENSORS_TSL2550 is not set
< # CONFIG_SENSORS_BH1770 is not set
< # CONFIG_SENSORS_APDS990X is not set
< # CONFIG_HMC6352 is not set
< # CONFIG_DS1682 is not set
< # CONFIG_TI_DAC7512 is not set
< # CONFIG_USB_SWITCH_FSA9480 is not set
< # CONFIG_LATTICE_ECP3_CONFIG is not set
998,1001d863
< # CONFIG_EEPROM_AT24 is not set
< # CONFIG_EEPROM_AT25 is not set
< # CONFIG_EEPROM_LEGACY is not set
< # CONFIG_EEPROM_MAX6875 is not set
1003,1004d864
< # CONFIG_EEPROM_93XX46 is not set
< # CONFIG_EEPROM_IDT_89HPESX is not set
1011,1012d870
< # CONFIG_SENSORS_LIS3_SPI is not set
< # CONFIG_SENSORS_LIS3_I2C is not set
1017d874
< # CONFIG_ALTERA_STAPL is not set
1062,1063c919,920
< CONFIG_SCSI=y
< CONFIG_SCSI_DMA=y
---
> # CONFIG_SCSI is not set
> # CONFIG_SCSI_DMA is not set
1065,1230c922
< # CONFIG_SCSI_MQ_DEFAULT is not set
< CONFIG_SCSI_PROC_FS=y
< 
< #
< # SCSI support type (disk, tape, CD-ROM)
< #
< CONFIG_BLK_DEV_SD=y
< # CONFIG_CHR_DEV_ST is not set
< # CONFIG_CHR_DEV_OSST is not set
< # CONFIG_BLK_DEV_SR is not set
< # CONFIG_CHR_DEV_SG is not set
< # CONFIG_CHR_DEV_SCH is not set
< # CONFIG_SCSI_CONSTANTS is not set
< # CONFIG_SCSI_LOGGING is not set
< # CONFIG_SCSI_SCAN_ASYNC is not set
< 
< #
< # SCSI Transports
< #
< # CONFIG_SCSI_SPI_ATTRS is not set
< # CONFIG_SCSI_FC_ATTRS is not set
< # CONFIG_SCSI_ISCSI_ATTRS is not set
< # CONFIG_SCSI_SAS_ATTRS is not set
< # CONFIG_SCSI_SAS_LIBSAS is not set
< # CONFIG_SCSI_SRP_ATTRS is not set
< CONFIG_SCSI_LOWLEVEL=y
< # CONFIG_ISCSI_TCP is not set
< # CONFIG_ISCSI_BOOT_SYSFS is not set
< # CONFIG_SCSI_CXGB3_ISCSI is not set
< # CONFIG_SCSI_CXGB4_ISCSI is not set
< # CONFIG_SCSI_BNX2_ISCSI is not set
< # CONFIG_BE2ISCSI is not set
< # CONFIG_BLK_DEV_3W_XXXX_RAID is not set
< # CONFIG_SCSI_HPSA is not set
< # CONFIG_SCSI_3W_9XXX is not set
< # CONFIG_SCSI_3W_SAS is not set
< # CONFIG_SCSI_ACARD is not set
< # CONFIG_SCSI_AACRAID is not set
< # CONFIG_SCSI_AIC7XXX is not set
< # CONFIG_SCSI_AIC79XX is not set
< # CONFIG_SCSI_AIC94XX is not set
< # CONFIG_SCSI_MVSAS is not set
< # CONFIG_SCSI_MVUMI is not set
< # CONFIG_SCSI_ADVANSYS is not set
< # CONFIG_SCSI_ARCMSR is not set
< # CONFIG_SCSI_ESAS2R is not set
< # CONFIG_MEGARAID_NEWGEN is not set
< # CONFIG_MEGARAID_LEGACY is not set
< # CONFIG_MEGARAID_SAS is not set
< # CONFIG_SCSI_MPT3SAS is not set
< # CONFIG_SCSI_MPT2SAS is not set
< # CONFIG_SCSI_SMARTPQI is not set
< # CONFIG_SCSI_UFSHCD is not set
< # CONFIG_SCSI_HPTIOP is not set
< # CONFIG_SCSI_SNIC is not set
< # CONFIG_SCSI_DMX3191D is not set
< # CONFIG_SCSI_FUTURE_DOMAIN is not set
< # CONFIG_SCSI_IPS is not set
< # CONFIG_SCSI_INITIO is not set
< # CONFIG_SCSI_INIA100 is not set
< # CONFIG_SCSI_STEX is not set
< # CONFIG_SCSI_SYM53C8XX_2 is not set
< # CONFIG_SCSI_IPR is not set
< # CONFIG_SCSI_QLOGIC_1280 is not set
< # CONFIG_SCSI_QLA_ISCSI is not set
< # CONFIG_SCSI_DC395x is not set
< # CONFIG_SCSI_AM53C974 is not set
< # CONFIG_SCSI_NSP32 is not set
< # CONFIG_SCSI_WD719X is not set
< # CONFIG_SCSI_DEBUG is not set
< # CONFIG_SCSI_PMCRAID is not set
< # CONFIG_SCSI_PM8001 is not set
< # CONFIG_SCSI_DH is not set
< # CONFIG_SCSI_OSD_INITIATOR is not set
< CONFIG_ATA=y
< # CONFIG_ATA_NONSTANDARD is not set
< CONFIG_ATA_VERBOSE_ERROR=y
< # CONFIG_SATA_PMP is not set
< 
< #
< # Controllers with non-SFF native interface
< #
< # CONFIG_SATA_AHCI is not set
< CONFIG_SATA_AHCI_PLATFORM=y
< # CONFIG_AHCI_CEVA is not set
< # CONFIG_AHCI_QORIQ is not set
< # CONFIG_SATA_INIC162X is not set
< # CONFIG_SATA_ACARD_AHCI is not set
< # CONFIG_SATA_SIL24 is not set
< CONFIG_ATA_SFF=y
< 
< #
< # SFF controllers with custom DMA interface
< #
< # CONFIG_PDC_ADMA is not set
< # CONFIG_SATA_QSTOR is not set
< # CONFIG_SATA_SX4 is not set
< CONFIG_ATA_BMDMA=y
< 
< #
< # SATA SFF controllers with BMDMA
< #
< # CONFIG_ATA_PIIX is not set
< # CONFIG_SATA_DWC is not set
< # CONFIG_SATA_MV is not set
< # CONFIG_SATA_NV is not set
< # CONFIG_SATA_PROMISE is not set
< # CONFIG_SATA_SIL is not set
< # CONFIG_SATA_SIS is not set
< # CONFIG_SATA_SVW is not set
< # CONFIG_SATA_ULI is not set
< # CONFIG_SATA_VIA is not set
< # CONFIG_SATA_VITESSE is not set
< 
< #
< # PATA SFF controllers with BMDMA
< #
< # CONFIG_PATA_ALI is not set
< # CONFIG_PATA_AMD is not set
< CONFIG_PATA_ARASAN_CF=y
< # CONFIG_PATA_ARTOP is not set
< # CONFIG_PATA_ATIIXP is not set
< # CONFIG_PATA_ATP867X is not set
< # CONFIG_PATA_CMD64X is not set
< # CONFIG_PATA_CYPRESS is not set
< # CONFIG_PATA_EFAR is not set
< # CONFIG_PATA_HPT366 is not set
< # CONFIG_PATA_HPT37X is not set
< # CONFIG_PATA_HPT3X2N is not set
< # CONFIG_PATA_HPT3X3 is not set
< # CONFIG_PATA_IT8213 is not set
< # CONFIG_PATA_IT821X is not set
< # CONFIG_PATA_JMICRON is not set
< # CONFIG_PATA_MARVELL is not set
< # CONFIG_PATA_NETCELL is not set
< # CONFIG_PATA_NINJA32 is not set
< # CONFIG_PATA_NS87415 is not set
< # CONFIG_PATA_OLDPIIX is not set
< # CONFIG_PATA_OPTIDMA is not set
< # CONFIG_PATA_PDC2027X is not set
< # CONFIG_PATA_PDC_OLD is not set
< # CONFIG_PATA_RADISYS is not set
< # CONFIG_PATA_RDC is not set
< # CONFIG_PATA_SCH is not set
< # CONFIG_PATA_SERVERWORKS is not set
< # CONFIG_PATA_SIL680 is not set
< # CONFIG_PATA_SIS is not set
< # CONFIG_PATA_TOSHIBA is not set
< # CONFIG_PATA_TRIFLEX is not set
< # CONFIG_PATA_VIA is not set
< # CONFIG_PATA_WINBOND is not set
< 
< #
< # PIO-only SFF controllers
< #
< # CONFIG_PATA_CMD640_PCI is not set
< # CONFIG_PATA_MPIIX is not set
< # CONFIG_PATA_NS87410 is not set
< # CONFIG_PATA_OPTI is not set
< # CONFIG_PATA_RZ1000 is not set
< 
< #
< # Generic fallback / legacy drivers
< #
< # CONFIG_ATA_GENERIC is not set
< # CONFIG_PATA_LEGACY is not set
---
> # CONFIG_ATA is not set
1232d923
< # CONFIG_TARGET_CORE is not set
1240,1483c931,935
< CONFIG_NETDEVICES=y
< CONFIG_MII=y
< CONFIG_NET_CORE=y
< # CONFIG_BONDING is not set
< # CONFIG_DUMMY is not set
< # CONFIG_EQUALIZER is not set
< # CONFIG_NET_FC is not set
< # CONFIG_NET_TEAM is not set
< # CONFIG_MACVLAN is not set
< # CONFIG_VXLAN is not set
< # CONFIG_MACSEC is not set
< # CONFIG_NETCONSOLE is not set
< # CONFIG_NETPOLL is not set
< # CONFIG_NET_POLL_CONTROLLER is not set
< # CONFIG_TUN is not set
< # CONFIG_TUN_VNET_CROSS_LE is not set
< # CONFIG_VETH is not set
< # CONFIG_NLMON is not set
< # CONFIG_ARCNET is not set
< 
< #
< # CAIF transport drivers
< #
< 
< #
< # Distributed Switch Architecture drivers
< #
< CONFIG_ETHERNET=y
< CONFIG_NET_VENDOR_3COM=y
< # CONFIG_VORTEX is not set
< # CONFIG_TYPHOON is not set
< CONFIG_NET_VENDOR_ADAPTEC=y
< # CONFIG_ADAPTEC_STARFIRE is not set
< CONFIG_NET_VENDOR_AGERE=y
< # CONFIG_ET131X is not set
< CONFIG_NET_VENDOR_ALACRITECH=y
< # CONFIG_SLICOSS is not set
< CONFIG_NET_VENDOR_ALTEON=y
< # CONFIG_ACENIC is not set
< # CONFIG_ALTERA_TSE is not set
< CONFIG_NET_VENDOR_AMAZON=y
< CONFIG_NET_VENDOR_AMD=y
< # CONFIG_AMD8111_ETH is not set
< # CONFIG_PCNET32 is not set
< # CONFIG_AMD_XGBE_HAVE_ECC is not set
< CONFIG_NET_VENDOR_AQUANTIA=y
< CONFIG_NET_VENDOR_ARC=y
< CONFIG_NET_VENDOR_ATHEROS=y
< # CONFIG_ATL2 is not set
< # CONFIG_ATL1 is not set
< # CONFIG_ATL1E is not set
< # CONFIG_ATL1C is not set
< # CONFIG_ALX is not set
< # CONFIG_NET_VENDOR_AURORA is not set
< CONFIG_NET_CADENCE=y
< # CONFIG_MACB is not set
< # CONFIG_NET_VENDOR_BROADCOM is not set
< CONFIG_NET_VENDOR_BROCADE=y
< # CONFIG_BNA is not set
< CONFIG_NET_VENDOR_CAVIUM=y
< CONFIG_NET_VENDOR_CHELSIO=y
< # CONFIG_CHELSIO_T1 is not set
< # CONFIG_CHELSIO_T3 is not set
< # CONFIG_CHELSIO_T4 is not set
< # CONFIG_CHELSIO_T4VF is not set
< # CONFIG_NET_VENDOR_CIRRUS is not set
< CONFIG_NET_VENDOR_CISCO=y
< # CONFIG_ENIC is not set
< # CONFIG_DM9000 is not set
< # CONFIG_DNET is not set
< CONFIG_NET_VENDOR_DEC=y
< # CONFIG_NET_TULIP is not set
< CONFIG_NET_VENDOR_DLINK=y
< # CONFIG_DL2K is not set
< # CONFIG_SUNDANCE is not set
< CONFIG_NET_VENDOR_EMULEX=y
< # CONFIG_BE2NET is not set
< CONFIG_NET_VENDOR_EZCHIP=y
< # CONFIG_EZCHIP_NPS_MANAGEMENT_ENET is not set
< CONFIG_NET_VENDOR_EXAR=y
< # CONFIG_S2IO is not set
< # CONFIG_VXGE is not set
< # CONFIG_NET_VENDOR_FARADAY is not set
< CONFIG_NET_VENDOR_HISILICON=y
< # CONFIG_HIX5HD2_GMAC is not set
< # CONFIG_HISI_FEMAC is not set
< # CONFIG_HIP04_ETH is not set
< # CONFIG_HNS is not set
< # CONFIG_HNS_DSAF is not set
< # CONFIG_HNS_ENET is not set
< # CONFIG_HNS3 is not set
< CONFIG_NET_VENDOR_HP=y
< # CONFIG_HP100 is not set
< CONFIG_NET_VENDOR_HUAWEI=y
< # CONFIG_NET_VENDOR_INTEL is not set
< # CONFIG_JME is not set
< CONFIG_NET_VENDOR_MARVELL=y
< # CONFIG_MVMDIO is not set
< # CONFIG_MVNETA_BM is not set
< # CONFIG_SKGE is not set
< # CONFIG_SKY2 is not set
< CONFIG_NET_VENDOR_MELLANOX=y
< # CONFIG_MLX4_EN is not set
< # CONFIG_MLX4_CORE is not set
< # CONFIG_MLX5_CORE is not set
< # CONFIG_MLXSW_CORE is not set
< # CONFIG_MLXFW is not set
< # CONFIG_NET_VENDOR_MICREL is not set
< CONFIG_NET_VENDOR_MICROCHIP=y
< # CONFIG_ENC28J60 is not set
< # CONFIG_ENCX24J600 is not set
< CONFIG_NET_VENDOR_MYRI=y
< # CONFIG_MYRI10GE is not set
< # CONFIG_FEALNX is not set
< # CONFIG_NET_VENDOR_NATSEMI is not set
< CONFIG_NET_VENDOR_NETRONOME=y
< # CONFIG_NFP is not set
< CONFIG_NET_VENDOR_NVIDIA=y
< # CONFIG_FORCEDETH is not set
< CONFIG_NET_VENDOR_OKI=y
< # CONFIG_ETHOC is not set
< CONFIG_NET_PACKET_ENGINE=y
< # CONFIG_HAMACHI is not set
< # CONFIG_YELLOWFIN is not set
< CONFIG_NET_VENDOR_QLOGIC=y
< # CONFIG_QLA3XXX is not set
< # CONFIG_QLCNIC is not set
< # CONFIG_QLGE is not set
< # CONFIG_NETXEN_NIC is not set
< # CONFIG_QED is not set
< CONFIG_NET_VENDOR_QUALCOMM=y
< # CONFIG_QCA7000_SPI is not set
< # CONFIG_QCOM_EMAC is not set
< # CONFIG_RMNET is not set
< CONFIG_NET_VENDOR_REALTEK=y
< # CONFIG_8139CP is not set
< # CONFIG_8139TOO is not set
< # CONFIG_R8169 is not set
< CONFIG_NET_VENDOR_RENESAS=y
< CONFIG_NET_VENDOR_RDC=y
< # CONFIG_R6040 is not set
< CONFIG_NET_VENDOR_ROCKER=y
< CONFIG_NET_VENDOR_SAMSUNG=y
< # CONFIG_SXGBE_ETH is not set
< # CONFIG_NET_VENDOR_SEEQ is not set
< CONFIG_NET_VENDOR_SILAN=y
< # CONFIG_SC92031 is not set
< CONFIG_NET_VENDOR_SIS=y
< # CONFIG_SIS900 is not set
< # CONFIG_SIS190 is not set
< CONFIG_NET_VENDOR_SOLARFLARE=y
< # CONFIG_SFC is not set
< # CONFIG_SFC_FALCON is not set
< # CONFIG_NET_VENDOR_SMSC is not set
< CONFIG_NET_VENDOR_STMICRO=y
< CONFIG_STMMAC_ETH=y
< CONFIG_STMMAC_PLATFORM=y
< # CONFIG_DWMAC_DWC_QOS_ETH is not set
< CONFIG_DWMAC_GENERIC=y
< # CONFIG_STMMAC_PCI is not set
< CONFIG_NET_VENDOR_SUN=y
< # CONFIG_HAPPYMEAL is not set
< # CONFIG_SUNGEM is not set
< # CONFIG_CASSINI is not set
< # CONFIG_NIU is not set
< CONFIG_NET_VENDOR_TEHUTI=y
< # CONFIG_TEHUTI is not set
< CONFIG_NET_VENDOR_TI=y
< # CONFIG_TI_CPSW_ALE is not set
< # CONFIG_TLAN is not set
< CONFIG_NET_VENDOR_VIA=y
< # CONFIG_VIA_RHINE is not set
< # CONFIG_VIA_VELOCITY is not set
< CONFIG_NET_VENDOR_WIZNET=y
< # CONFIG_WIZNET_W5100 is not set
< # CONFIG_WIZNET_W5300 is not set
< CONFIG_NET_VENDOR_SYNOPSYS=y
< # CONFIG_DWC_XLGMAC is not set
< # CONFIG_FDDI is not set
< # CONFIG_HIPPI is not set
< CONFIG_MDIO_DEVICE=y
< CONFIG_MDIO_BUS=y
< # CONFIG_MDIO_BCM_UNIMAC is not set
< # CONFIG_MDIO_BITBANG is not set
< # CONFIG_MDIO_BUS_MUX_GPIO is not set
< # CONFIG_MDIO_BUS_MUX_MMIOREG is not set
< # CONFIG_MDIO_HISI_FEMAC is not set
< CONFIG_PHYLIB=y
< CONFIG_SWPHY=y
< 
< #
< # MII PHY device drivers
< #
< # CONFIG_AMD_PHY is not set
< # CONFIG_AQUANTIA_PHY is not set
< # CONFIG_AT803X_PHY is not set
< # CONFIG_BCM7XXX_PHY is not set
< # CONFIG_BCM87XX_PHY is not set
< # CONFIG_BROADCOM_PHY is not set
< # CONFIG_CICADA_PHY is not set
< # CONFIG_CORTINA_PHY is not set
< # CONFIG_DAVICOM_PHY is not set
< # CONFIG_DP83848_PHY is not set
< # CONFIG_DP83867_PHY is not set
< CONFIG_FIXED_PHY=y
< # CONFIG_ICPLUS_PHY is not set
< # CONFIG_INTEL_XWAY_PHY is not set
< # CONFIG_LSI_ET1011C_PHY is not set
< # CONFIG_LXT_PHY is not set
< # CONFIG_MARVELL_PHY is not set
< # CONFIG_MARVELL_10G_PHY is not set
< # CONFIG_MICREL_PHY is not set
< # CONFIG_MICROCHIP_PHY is not set
< # CONFIG_MICROSEMI_PHY is not set
< # CONFIG_NATIONAL_PHY is not set
< # CONFIG_QSEMI_PHY is not set
< # CONFIG_REALTEK_PHY is not set
< # CONFIG_ROCKCHIP_PHY is not set
< # CONFIG_SMSC_PHY is not set
< # CONFIG_STE10XP is not set
< # CONFIG_TERANETICS_PHY is not set
< # CONFIG_VITESSE_PHY is not set
< # CONFIG_XILINX_GMII2RGMII is not set
< # CONFIG_MICREL_KS8995MA is not set
< # CONFIG_PPP is not set
< # CONFIG_SLIP is not set
< CONFIG_USB_NET_DRIVERS=y
< # CONFIG_USB_CATC is not set
< # CONFIG_USB_KAWETH is not set
< # CONFIG_USB_PEGASUS is not set
< # CONFIG_USB_RTL8150 is not set
< # CONFIG_USB_RTL8152 is not set
< # CONFIG_USB_LAN78XX is not set
< # CONFIG_USB_USBNET is not set
< # CONFIG_USB_IPHETH is not set
< # CONFIG_WLAN is not set
< 
< #
< # Enable WiMAX (Networking options) to see the WiMAX drivers
< #
< # CONFIG_WAN is not set
< # CONFIG_VMXNET3 is not set
< # CONFIG_ISDN is not set
< # CONFIG_NVM is not set
---
> # CONFIG_NETDEVICES is not set
> CONFIG_NVM=y
> # CONFIG_NVM_DEBUG is not set
> # CONFIG_NVM_RRPC is not set
> # CONFIG_NVM_PBLK is not set
1489c941
< CONFIG_INPUT_FF_MEMLESS=y
---
> # CONFIG_INPUT_FF_MEMLESS is not set
1492c944
< CONFIG_INPUT_MATRIXKMAP=y
---
> # CONFIG_INPUT_MATRIXKMAP is not set
1506,1511c958
< # CONFIG_KEYBOARD_ADP5588 is not set
< # CONFIG_KEYBOARD_ADP5589 is not set
< # CONFIG_KEYBOARD_ATKBD is not set
< # CONFIG_KEYBOARD_QT1070 is not set
< # CONFIG_KEYBOARD_QT2160 is not set
< # CONFIG_KEYBOARD_DLINK_DIR685 is not set
---
> CONFIG_KEYBOARD_ATKBD=y
1515,1516d961
< # CONFIG_KEYBOARD_TCA6416 is not set
< # CONFIG_KEYBOARD_TCA8418 is not set
1518,1521d962
< # CONFIG_KEYBOARD_LM8333 is not set
< # CONFIG_KEYBOARD_MAX7359 is not set
< # CONFIG_KEYBOARD_MCS is not set
< # CONFIG_KEYBOARD_MPR121 is not set
1528d968
< CONFIG_KEYBOARD_SPEAR=y
1530d969
< # CONFIG_KEYBOARD_CAP11XX is not set
1532c971,988
< # CONFIG_INPUT_MOUSE is not set
---
> CONFIG_INPUT_MOUSE=y
> CONFIG_MOUSE_PS2=y
> CONFIG_MOUSE_PS2_ALPS=y
> CONFIG_MOUSE_PS2_BYD=y
> CONFIG_MOUSE_PS2_LOGIPS2PP=y
> CONFIG_MOUSE_PS2_SYNAPTICS=y
> CONFIG_MOUSE_PS2_CYPRESS=y
> CONFIG_MOUSE_PS2_TRACKPOINT=y
> # CONFIG_MOUSE_PS2_ELANTECH is not set
> # CONFIG_MOUSE_PS2_SENTELIC is not set
> # CONFIG_MOUSE_PS2_TOUCHKIT is not set
> CONFIG_MOUSE_PS2_FOCALTECH=y
> # CONFIG_MOUSE_SERIAL is not set
> # CONFIG_MOUSE_APPLETOUCH is not set
> # CONFIG_MOUSE_BCM5974 is not set
> # CONFIG_MOUSE_VSXXXAA is not set
> # CONFIG_MOUSE_GPIO is not set
> # CONFIG_MOUSE_SYNAPTICS_USB is not set
1536c992,1006
< # CONFIG_INPUT_MISC is not set
---
> CONFIG_INPUT_MISC=y
> # CONFIG_INPUT_AD714X is not set
> # CONFIG_INPUT_E3X0_BUTTON is not set
> # CONFIG_INPUT_GPIO_BEEPER is not set
> # CONFIG_INPUT_GPIO_TILT_POLLED is not set
> # CONFIG_INPUT_GPIO_DECODER is not set
> # CONFIG_INPUT_ATI_REMOTE2 is not set
> # CONFIG_INPUT_KEYSPAN_REMOTE is not set
> # CONFIG_INPUT_POWERMATE is not set
> # CONFIG_INPUT_YEALINK is not set
> # CONFIG_INPUT_CM109 is not set
> # CONFIG_INPUT_UINPUT is not set
> # CONFIG_INPUT_GPIO_ROTARY_ENCODER is not set
> # CONFIG_INPUT_ADXL34X is not set
> # CONFIG_INPUT_CMA3000 is not set
1544d1013
< # CONFIG_SERIO_AMBAKMI is not set
1546c1015
< # CONFIG_SERIO_LIBPS2 is not set
---
> CONFIG_SERIO_LIBPS2=y
1567c1036,1037
< # CONFIG_LEGACY_PTYS is not set
---
> CONFIG_LEGACY_PTYS=y
> CONFIG_LEGACY_PTY_COUNT=256
1578d1047
< CONFIG_SERIAL_EARLYCON=y
1584,1586d1052
< # CONFIG_SERIAL_AMBA_PL010 is not set
< CONFIG_SERIAL_AMBA_PL011=y
< CONFIG_SERIAL_AMBA_PL011_CONSOLE=y
1588,1590d1053
< # CONFIG_SERIAL_KGDB_NMI is not set
< # CONFIG_SERIAL_MAX3100 is not set
< # CONFIG_SERIAL_MAX310X is not set
1592,1594d1054
< CONFIG_SERIAL_CORE=y
< CONFIG_SERIAL_CORE_CONSOLE=y
< CONFIG_CONSOLE_POLL=y
1597d1056
< # CONFIG_SERIAL_SC16IS7XX is not set
1601d1059
< # CONFIG_SERIAL_IFX6X60 is not set
1608a1067
> # CONFIG_TTY_PRINTK is not set
1611c1070,1071
< # CONFIG_HW_RANDOM is not set
---
> CONFIG_HW_RANDOM=y
> # CONFIG_HW_RANDOM_TIMERIOMEM is not set
1614,1615c1074
< CONFIG_RAW_DRIVER=y
< CONFIG_MAX_RAW_DEVS=8192
---
> # CONFIG_RAW_DRIVER is not set
1623,1717c1082,1083
< CONFIG_I2C=y
< CONFIG_I2C_BOARDINFO=y
< CONFIG_I2C_COMPAT=y
< # CONFIG_I2C_CHARDEV is not set
< # CONFIG_I2C_MUX is not set
< CONFIG_I2C_HELPER_AUTO=y
< 
< #
< # I2C Hardware Bus support
< #
< 
< #
< # PC SMBus host controller drivers
< #
< # CONFIG_I2C_ALI1535 is not set
< # CONFIG_I2C_ALI1563 is not set
< # CONFIG_I2C_ALI15X3 is not set
< # CONFIG_I2C_AMD756 is not set
< # CONFIG_I2C_AMD8111 is not set
< # CONFIG_I2C_I801 is not set
< # CONFIG_I2C_ISCH is not set
< # CONFIG_I2C_PIIX4 is not set
< # CONFIG_I2C_NFORCE2 is not set
< # CONFIG_I2C_SIS5595 is not set
< # CONFIG_I2C_SIS630 is not set
< # CONFIG_I2C_SIS96X is not set
< # CONFIG_I2C_VIA is not set
< # CONFIG_I2C_VIAPRO is not set
< 
< #
< # I2C system bus drivers (mostly embedded / system-on-chip)
< #
< # CONFIG_I2C_CBUS_GPIO is not set
< CONFIG_I2C_DESIGNWARE_CORE=y
< CONFIG_I2C_DESIGNWARE_PLATFORM=y
< # CONFIG_I2C_DESIGNWARE_SLAVE is not set
< # CONFIG_I2C_DESIGNWARE_PCI is not set
< # CONFIG_I2C_EMEV2 is not set
< # CONFIG_I2C_GPIO is not set
< # CONFIG_I2C_NOMADIK is not set
< # CONFIG_I2C_OCORES is not set
< # CONFIG_I2C_PCA_PLATFORM is not set
< # CONFIG_I2C_PXA_PCI is not set
< # CONFIG_I2C_RK3X is not set
< # CONFIG_I2C_SIMTEC is not set
< # CONFIG_I2C_XILINX is not set
< 
< #
< # External I2C/SMBus adapter drivers
< #
< # CONFIG_I2C_DIOLAN_U2C is not set
< # CONFIG_I2C_PARPORT_LIGHT is not set
< # CONFIG_I2C_ROBOTFUZZ_OSIF is not set
< # CONFIG_I2C_TAOS_EVM is not set
< # CONFIG_I2C_TINY_USB is not set
< 
< #
< # Other I2C/SMBus bus drivers
< #
< # CONFIG_I2C_STUB is not set
< # CONFIG_I2C_SLAVE is not set
< # CONFIG_I2C_DEBUG_CORE is not set
< # CONFIG_I2C_DEBUG_ALGO is not set
< # CONFIG_I2C_DEBUG_BUS is not set
< CONFIG_SPI=y
< # CONFIG_SPI_DEBUG is not set
< CONFIG_SPI_MASTER=y
< 
< #
< # SPI Master Controller Drivers
< #
< # CONFIG_SPI_ALTERA is not set
< # CONFIG_SPI_AXI_SPI_ENGINE is not set
< # CONFIG_SPI_BITBANG is not set
< # CONFIG_SPI_CADENCE is not set
< # CONFIG_SPI_DESIGNWARE is not set
< # CONFIG_SPI_GPIO is not set
< # CONFIG_SPI_FSL_SPI is not set
< # CONFIG_SPI_OC_TINY is not set
< CONFIG_SPI_PL022=y
< # CONFIG_SPI_PXA2XX is not set
< # CONFIG_SPI_PXA2XX_PCI is not set
< # CONFIG_SPI_ROCKCHIP is not set
< # CONFIG_SPI_SC18IS602 is not set
< # CONFIG_SPI_XCOMM is not set
< # CONFIG_SPI_XILINX is not set
< # CONFIG_SPI_ZYNQMP_GQSPI is not set
< 
< #
< # SPI Protocol Masters
< #
< # CONFIG_SPI_SPIDEV is not set
< # CONFIG_SPI_LOOPBACK_TEST is not set
< # CONFIG_SPI_TLE62X0 is not set
< # CONFIG_SPI_SLAVE is not set
---
> # CONFIG_I2C is not set
> # CONFIG_SPI is not set
1720,1732c1086
< CONFIG_PPS=y
< # CONFIG_PPS_DEBUG is not set
< 
< #
< # PPS clients support
< #
< # CONFIG_PPS_CLIENT_KTIMER is not set
< # CONFIG_PPS_CLIENT_LDISC is not set
< # CONFIG_PPS_CLIENT_GPIO is not set
< 
< #
< # PPS generators support
< #
---
> # CONFIG_PPS is not set
1737c1091
< CONFIG_PTP_1588_CLOCK=y
---
> # CONFIG_PTP_1588_CLOCK is not set
1742,1756d1095
< CONFIG_PINCTRL=y
< 
< #
< # Pin controllers
< #
< CONFIG_PINMUX=y
< # CONFIG_DEBUG_PINCTRL is not set
< # CONFIG_PINCTRL_AMD is not set
< # CONFIG_PINCTRL_MCP23S08 is not set
< # CONFIG_PINCTRL_SINGLE is not set
< # CONFIG_PINCTRL_SX150X is not set
< CONFIG_PINCTRL_SPEAR=y
< CONFIG_PINCTRL_SPEAR1310=y
< CONFIG_PINCTRL_SPEAR1340=y
< CONFIG_PINCTRL_SPEAR_PLGPIO=y
1760d1098
< CONFIG_GPIOLIB_IRQCHIP=y
1762c1100,1101
< CONFIG_GPIO_SYSFS=y
---
> # CONFIG_GPIO_SYSFS is not set
> CONFIG_GPIO_GENERIC=y
1771c1110
< # CONFIG_GPIO_GENERIC_PLATFORM is not set
---
> CONFIG_GPIO_GENERIC_PLATFORM=y
1775,1776d1113
< CONFIG_GPIO_PL061=y
< CONFIG_GPIO_SPEAR_SPICS=y
1782,1793d1118
< # I2C GPIO expanders
< #
< # CONFIG_GPIO_ADP5588 is not set
< # CONFIG_GPIO_ADNP is not set
< # CONFIG_GPIO_MAX7300 is not set
< # CONFIG_GPIO_MAX732X is not set
< # CONFIG_GPIO_PCA953X is not set
< # CONFIG_GPIO_PCF857X is not set
< # CONFIG_GPIO_SX150X is not set
< # CONFIG_GPIO_TPIC2810 is not set
< 
< #
1806,1814d1130
< # SPI GPIO expanders
< #
< # CONFIG_GPIO_74X164 is not set
< # CONFIG_GPIO_MAX7301 is not set
< # CONFIG_GPIO_MC33880 is not set
< # CONFIG_GPIO_PISOSR is not set
< # CONFIG_GPIO_XRA1403 is not set
< 
< #
1819,1821c1135,1156
< # CONFIG_POWER_RESET is not set
< # CONFIG_POWER_SUPPLY is not set
< CONFIG_HWMON=m
---
> CONFIG_POWER_RESET=y
> # CONFIG_POWER_RESET_BRCMKONA is not set
> # CONFIG_POWER_RESET_BRCMSTB is not set
> # CONFIG_POWER_RESET_GPIO is not set
> # CONFIG_POWER_RESET_GPIO_RESTART is not set
> # CONFIG_POWER_RESET_LTC2952 is not set
> # CONFIG_POWER_RESET_RESTART is not set
> # CONFIG_POWER_RESET_VERSATILE is not set
> # CONFIG_POWER_RESET_SYSCON is not set
> # CONFIG_POWER_RESET_SYSCON_POWEROFF is not set
> # CONFIG_SYSCON_REBOOT_MODE is not set
> CONFIG_POWER_SUPPLY=y
> # CONFIG_POWER_SUPPLY_DEBUG is not set
> # CONFIG_PDA_POWER is not set
> # CONFIG_TEST_POWER is not set
> # CONFIG_BATTERY_DS2780 is not set
> # CONFIG_BATTERY_DS2781 is not set
> # CONFIG_BATTERY_BQ27XXX is not set
> # CONFIG_CHARGER_MAX8903 is not set
> # CONFIG_CHARGER_GPIO is not set
> # CONFIG_CHARGER_LTC3651 is not set
> CONFIG_HWMON=y
1828,1843d1162
< # CONFIG_SENSORS_AD7314 is not set
< # CONFIG_SENSORS_AD7414 is not set
< # CONFIG_SENSORS_AD7418 is not set
< # CONFIG_SENSORS_ADM1021 is not set
< # CONFIG_SENSORS_ADM1025 is not set
< # CONFIG_SENSORS_ADM1026 is not set
< # CONFIG_SENSORS_ADM1029 is not set
< # CONFIG_SENSORS_ADM1031 is not set
< # CONFIG_SENSORS_ADM9240 is not set
< # CONFIG_SENSORS_ADT7310 is not set
< # CONFIG_SENSORS_ADT7410 is not set
< # CONFIG_SENSORS_ADT7411 is not set
< # CONFIG_SENSORS_ADT7462 is not set
< # CONFIG_SENSORS_ADT7470 is not set
< # CONFIG_SENSORS_ADT7475 is not set
< # CONFIG_SENSORS_ASC7621 is not set
1845,1847d1163
< # CONFIG_SENSORS_ATXP1 is not set
< # CONFIG_SENSORS_DS620 is not set
< # CONFIG_SENSORS_DS1621 is not set
1851,1856d1166
< # CONFIG_SENSORS_F75375S is not set
< # CONFIG_SENSORS_FTSTEUTATES is not set
< # CONFIG_SENSORS_GL518SM is not set
< # CONFIG_SENSORS_GL520SM is not set
< # CONFIG_SENSORS_G760A is not set
< # CONFIG_SENSORS_G762 is not set
1858d1167
< # CONFIG_SENSORS_HIH6130 is not set
1860,1874d1168
< # CONFIG_SENSORS_JC42 is not set
< # CONFIG_SENSORS_POWR1220 is not set
< # CONFIG_SENSORS_LINEAGE is not set
< # CONFIG_SENSORS_LTC2945 is not set
< # CONFIG_SENSORS_LTC2990 is not set
< # CONFIG_SENSORS_LTC4151 is not set
< # CONFIG_SENSORS_LTC4215 is not set
< # CONFIG_SENSORS_LTC4222 is not set
< # CONFIG_SENSORS_LTC4245 is not set
< # CONFIG_SENSORS_LTC4260 is not set
< # CONFIG_SENSORS_LTC4261 is not set
< # CONFIG_SENSORS_MAX1111 is not set
< # CONFIG_SENSORS_MAX16065 is not set
< # CONFIG_SENSORS_MAX1619 is not set
< # CONFIG_SENSORS_MAX1668 is not set
1876,1900d1169
< # CONFIG_SENSORS_MAX31722 is not set
< # CONFIG_SENSORS_MAX6639 is not set
< # CONFIG_SENSORS_MAX6642 is not set
< # CONFIG_SENSORS_MAX6650 is not set
< # CONFIG_SENSORS_MAX6697 is not set
< # CONFIG_SENSORS_MAX31790 is not set
< # CONFIG_SENSORS_MCP3021 is not set
< # CONFIG_SENSORS_TC654 is not set
< # CONFIG_SENSORS_ADCXX is not set
< # CONFIG_SENSORS_LM63 is not set
< # CONFIG_SENSORS_LM70 is not set
< # CONFIG_SENSORS_LM73 is not set
< # CONFIG_SENSORS_LM75 is not set
< # CONFIG_SENSORS_LM77 is not set
< # CONFIG_SENSORS_LM78 is not set
< # CONFIG_SENSORS_LM80 is not set
< # CONFIG_SENSORS_LM83 is not set
< # CONFIG_SENSORS_LM85 is not set
< # CONFIG_SENSORS_LM87 is not set
< # CONFIG_SENSORS_LM90 is not set
< # CONFIG_SENSORS_LM92 is not set
< # CONFIG_SENSORS_LM93 is not set
< # CONFIG_SENSORS_LM95234 is not set
< # CONFIG_SENSORS_LM95241 is not set
< # CONFIG_SENSORS_LM95245 is not set
1906,1909d1174
< # CONFIG_SENSORS_NCT7802 is not set
< # CONFIG_SENSORS_NCT7904 is not set
< # CONFIG_SENSORS_PCF8591 is not set
< # CONFIG_PMBUS is not set
1911,1913d1175
< # CONFIG_SENSORS_SHT21 is not set
< # CONFIG_SENSORS_SHT3x is not set
< # CONFIG_SENSORS_SHTC1 is not set
1915,1918d1176
< # CONFIG_SENSORS_DME1737 is not set
< # CONFIG_SENSORS_EMC1403 is not set
< # CONFIG_SENSORS_EMC2103 is not set
< # CONFIG_SENSORS_EMC6W201 is not set
1920d1177
< # CONFIG_SENSORS_SMSC47M192 is not set
1925,1941d1181
< # CONFIG_SENSORS_STTS751 is not set
< # CONFIG_SENSORS_SMM665 is not set
< # CONFIG_SENSORS_ADC128D818 is not set
< # CONFIG_SENSORS_ADS1015 is not set
< # CONFIG_SENSORS_ADS7828 is not set
< # CONFIG_SENSORS_ADS7871 is not set
< # CONFIG_SENSORS_AMC6821 is not set
< # CONFIG_SENSORS_INA209 is not set
< # CONFIG_SENSORS_INA2XX is not set
< # CONFIG_SENSORS_INA3221 is not set
< # CONFIG_SENSORS_TC74 is not set
< # CONFIG_SENSORS_THMC50 is not set
< # CONFIG_SENSORS_TMP102 is not set
< # CONFIG_SENSORS_TMP103 is not set
< # CONFIG_SENSORS_TMP108 is not set
< # CONFIG_SENSORS_TMP401 is not set
< # CONFIG_SENSORS_TMP421 is not set
1945,1951d1184
< # CONFIG_SENSORS_W83781D is not set
< # CONFIG_SENSORS_W83791D is not set
< # CONFIG_SENSORS_W83792D is not set
< # CONFIG_SENSORS_W83793 is not set
< # CONFIG_SENSORS_W83795 is not set
< # CONFIG_SENSORS_W83L785TS is not set
< # CONFIG_SENSORS_W83L786NG is not set
1954c1187,1206
< # CONFIG_THERMAL is not set
---
> CONFIG_THERMAL=y
> CONFIG_THERMAL_EMERGENCY_POWEROFF_DELAY_MS=0
> CONFIG_THERMAL_HWMON=y
> CONFIG_THERMAL_OF=y
> CONFIG_THERMAL_WRITABLE_TRIPS=y
> CONFIG_THERMAL_DEFAULT_GOV_STEP_WISE=y
> # CONFIG_THERMAL_DEFAULT_GOV_FAIR_SHARE is not set
> # CONFIG_THERMAL_DEFAULT_GOV_USER_SPACE is not set
> # CONFIG_THERMAL_DEFAULT_GOV_POWER_ALLOCATOR is not set
> # CONFIG_THERMAL_GOV_FAIR_SHARE is not set
> CONFIG_THERMAL_GOV_STEP_WISE=y
> # CONFIG_THERMAL_GOV_BANG_BANG is not set
> CONFIG_THERMAL_GOV_USER_SPACE=y
> # CONFIG_THERMAL_GOV_POWER_ALLOCATOR is not set
> # CONFIG_THERMAL_EMULATION is not set
> # CONFIG_QORIQ_THERMAL is not set
> 
> #
> # ACPI INT340X thermal drivers
> #
1967,1968d1218
< # CONFIG_ZIIRAVE_WATCHDOG is not set
< # CONFIG_ARM_SP805_WATCHDOG is not set
2004,2008d1253
< # CONFIG_MFD_ACT8945A is not set
< # CONFIG_MFD_AS3711 is not set
< # CONFIG_MFD_AS3722 is not set
< # CONFIG_PMIC_ADP5520 is not set
< # CONFIG_MFD_AAT2870_CORE is not set
2011,2013d1255
< # CONFIG_MFD_BCM590XX is not set
< # CONFIG_MFD_BD9571MWV is not set
< # CONFIG_MFD_AXP20X_I2C is not set
2016,2022d1257
< # CONFIG_PMIC_DA903X is not set
< # CONFIG_MFD_DA9052_SPI is not set
< # CONFIG_MFD_DA9052_I2C is not set
< # CONFIG_MFD_DA9055 is not set
< # CONFIG_MFD_DA9062 is not set
< # CONFIG_MFD_DA9063 is not set
< # CONFIG_MFD_DA9150 is not set
2024,2025d1258
< # CONFIG_MFD_MC13XXX_SPI is not set
< # CONFIG_MFD_MC13XXX_I2C is not set
2028d1260
< # CONFIG_HTC_I2CPLD is not set
2033,2044d1264
< # CONFIG_MFD_88PM800 is not set
< # CONFIG_MFD_88PM805 is not set
< # CONFIG_MFD_88PM860X is not set
< # CONFIG_MFD_MAX14577 is not set
< # CONFIG_MFD_MAX77620 is not set
< # CONFIG_MFD_MAX77686 is not set
< # CONFIG_MFD_MAX77693 is not set
< # CONFIG_MFD_MAX77843 is not set
< # CONFIG_MFD_MAX8907 is not set
< # CONFIG_MFD_MAX8925 is not set
< # CONFIG_MFD_MAX8997 is not set
< # CONFIG_MFD_MAX8998 is not set
2046,2048d1265
< # CONFIG_MFD_MENF21BMC is not set
< # CONFIG_EZX_PCAP is not set
< # CONFIG_MFD_CPCAP is not set
2050,2051d1266
< # CONFIG_MFD_RETU is not set
< # CONFIG_MFD_PCF50633 is not set
2055d1269
< # CONFIG_MFD_RT5033 is not set
2057,2061d1270
< # CONFIG_MFD_RC5T583 is not set
< # CONFIG_MFD_RK808 is not set
< # CONFIG_MFD_RN5T618 is not set
< # CONFIG_MFD_SEC_CORE is not set
< # CONFIG_MFD_SI476X_CORE is not set
2063,2064d1271
< # CONFIG_MFD_SKY81452 is not set
< # CONFIG_MFD_SMSC is not set
2066d1272
< # CONFIG_MFD_STMPE is not set
2069,2091d1274
< # CONFIG_MFD_LP3943 is not set
< # CONFIG_MFD_LP8788 is not set
< # CONFIG_MFD_TI_LMU is not set
< # CONFIG_MFD_PALMAS is not set
< # CONFIG_TPS6105X is not set
< # CONFIG_TPS65010 is not set
< # CONFIG_TPS6507X is not set
< # CONFIG_MFD_TPS65086 is not set
< # CONFIG_MFD_TPS65090 is not set
< # CONFIG_MFD_TPS65217 is not set
< # CONFIG_MFD_TI_LP873X is not set
< # CONFIG_MFD_TI_LP87565 is not set
< # CONFIG_MFD_TPS65218 is not set
< # CONFIG_MFD_TPS6586X is not set
< # CONFIG_MFD_TPS65910 is not set
< # CONFIG_MFD_TPS65912_I2C is not set
< # CONFIG_MFD_TPS65912_SPI is not set
< # CONFIG_MFD_TPS80031 is not set
< # CONFIG_TWL4030_CORE is not set
< # CONFIG_TWL6040_CORE is not set
< # CONFIG_MFD_WL1273_CORE is not set
< # CONFIG_MFD_LM3533 is not set
< # CONFIG_MFD_TC3589X is not set
2097,2103d1279
< # CONFIG_MFD_ARIZONA_I2C is not set
< # CONFIG_MFD_ARIZONA_SPI is not set
< # CONFIG_MFD_WM8400 is not set
< # CONFIG_MFD_WM831X_I2C is not set
< # CONFIG_MFD_WM831X_SPI is not set
< # CONFIG_MFD_WM8350_I2C is not set
< # CONFIG_MFD_WM8994 is not set
2145c1321,1323
< # CONFIG_SOUND is not set
---
> CONFIG_SOUND=y
> # CONFIG_SOUND_OSS_CORE is not set
> # CONFIG_SND is not set
2237,2241d1414
< 
< #
< # I2C HID support
< #
< # CONFIG_I2C_HID is not set
2256a1430
> # CONFIG_USB_OTG_BLACKLIST_HUB is not set
2265,2270c1439
< CONFIG_USB_EHCI_HCD=y
< # CONFIG_USB_EHCI_ROOT_HUB_TT is not set
< CONFIG_USB_EHCI_TT_NEWSCHED=y
< CONFIG_USB_EHCI_PCI=y
< CONFIG_USB_EHCI_HCD_SPEAR=y
< # CONFIG_USB_EHCI_HCD_PLATFORM is not set
---
> # CONFIG_USB_EHCI_HCD is not set
2275,2279c1444
< # CONFIG_USB_MAX3421_HCD is not set
< CONFIG_USB_OHCI_HCD=y
< CONFIG_USB_OHCI_HCD_SPEAR=y
< CONFIG_USB_OHCI_HCD_PCI=y
< # CONFIG_USB_OHCI_HCD_PLATFORM is not set
---
> # CONFIG_USB_OHCI_HCD is not set
2300,2315d1464
< CONFIG_USB_STORAGE=y
< # CONFIG_USB_STORAGE_DEBUG is not set
< # CONFIG_USB_STORAGE_REALTEK is not set
< # CONFIG_USB_STORAGE_DATAFAB is not set
< # CONFIG_USB_STORAGE_FREECOM is not set
< # CONFIG_USB_STORAGE_ISD200 is not set
< # CONFIG_USB_STORAGE_USBAT is not set
< # CONFIG_USB_STORAGE_SDDR09 is not set
< # CONFIG_USB_STORAGE_SDDR55 is not set
< # CONFIG_USB_STORAGE_JUMPSHOT is not set
< # CONFIG_USB_STORAGE_ALAUDA is not set
< # CONFIG_USB_STORAGE_ONETOUCH is not set
< # CONFIG_USB_STORAGE_KARMA is not set
< # CONFIG_USB_STORAGE_CYPRESS_ATACB is not set
< # CONFIG_USB_STORAGE_ENE_UB6250 is not set
< # CONFIG_USB_UAS is not set
2321d1469
< # CONFIG_USB_MICROTEK is not set
2323a1472,1474
> # CONFIG_USB_MUSB_HOST is not set
> # CONFIG_USB_MUSB_GADGET is not set
> # CONFIG_USB_MUSB_DUAL_ROLE is not set
2324a1476,1478
> # CONFIG_USB_DWC3_HOST is not set
> # CONFIG_USB_DWC3_GADGET is not set
> # CONFIG_USB_DWC3_DUAL_ROLE is not set
2326c1480,1482
< # CONFIG_USB_CHIPIDEA is not set
---
> # CONFIG_USB_DWC2_HOST is not set
> # CONFIG_USB_DWC2_PERIPHERAL is not set
> # CONFIG_USB_DWC2_DUAL_ROLE is not set
2327a1484,1486
> # CONFIG_USB_ISP1760_HOST_ROLE is not set
> # CONFIG_USB_ISP1760_GADGET_ROLE is not set
> # CONFIG_USB_ISP1760_DUAL_ROLE is not set
2349d1507
< # CONFIG_USB_SISUSBVGA is not set
2358,2360d1515
< # CONFIG_USB_HUB_USB251XB is not set
< # CONFIG_USB_HSIC_USB3503 is not set
< # CONFIG_USB_HSIC_USB4604 is not set
2361a1517
> # CONFIG_USB_CHAOSKEY is not set
2369d1524
< # CONFIG_USB_ISP1301 is not set
2371a1527,1542
> # CONFIG_USB_ZERO is not set
> # CONFIG_USB_AUDIO is not set
> # CONFIG_USB_ETH is not set
> # CONFIG_USB_G_NCM is not set
> # CONFIG_USB_GADGETFS is not set
> # CONFIG_USB_FUNCTIONFS is not set
> # CONFIG_USB_MASS_STORAGE is not set
> # CONFIG_USB_G_SERIAL is not set
> # CONFIG_USB_MIDI_GADGET is not set
> # CONFIG_USB_G_PRINTER is not set
> # CONFIG_USB_CDC_COMPOSITE is not set
> # CONFIG_USB_G_ACM_MS is not set
> # CONFIG_USB_G_MULTI is not set
> # CONFIG_USB_G_HID is not set
> # CONFIG_USB_G_DBGP is not set
> # CONFIG_USB_G_WEBCAM is not set
2391,2395c1562
< # CONFIG_MMC_ARMMMCI is not set
< CONFIG_MMC_SDHCI=y
< # CONFIG_MMC_SDHCI_PCI is not set
< # CONFIG_MMC_SDHCI_PLTFM is not set
< CONFIG_MMC_SDHCI_SPEAR=y
---
> # CONFIG_MMC_SDHCI is not set
2397d1563
< # CONFIG_MMC_SPI is not set
2409d1574
< # CONFIG_INFINIBAND is not set
2412d1576
< # CONFIG_EDAC is not set
2414,2545c1578,1579
< CONFIG_RTC_CLASS=y
< CONFIG_RTC_HCTOSYS=y
< CONFIG_RTC_HCTOSYS_DEVICE="rtc0"
< CONFIG_RTC_SYSTOHC=y
< CONFIG_RTC_SYSTOHC_DEVICE="rtc0"
< # CONFIG_RTC_DEBUG is not set
< CONFIG_RTC_NVMEM=y
< 
< #
< # RTC interfaces
< #
< CONFIG_RTC_INTF_SYSFS=y
< CONFIG_RTC_INTF_PROC=y
< CONFIG_RTC_INTF_DEV=y
< # CONFIG_RTC_INTF_DEV_UIE_EMUL is not set
< # CONFIG_RTC_DRV_TEST is not set
< 
< #
< # I2C RTC drivers
< #
< # CONFIG_RTC_DRV_ABB5ZES3 is not set
< # CONFIG_RTC_DRV_ABX80X is not set
< # CONFIG_RTC_DRV_DS1307 is not set
< # CONFIG_RTC_DRV_DS1374 is not set
< # CONFIG_RTC_DRV_DS1672 is not set
< # CONFIG_RTC_DRV_HYM8563 is not set
< # CONFIG_RTC_DRV_MAX6900 is not set
< # CONFIG_RTC_DRV_RS5C372 is not set
< # CONFIG_RTC_DRV_ISL1208 is not set
< # CONFIG_RTC_DRV_ISL12022 is not set
< # CONFIG_RTC_DRV_X1205 is not set
< # CONFIG_RTC_DRV_PCF8523 is not set
< # CONFIG_RTC_DRV_PCF85063 is not set
< # CONFIG_RTC_DRV_PCF8563 is not set
< # CONFIG_RTC_DRV_PCF8583 is not set
< # CONFIG_RTC_DRV_M41T80 is not set
< # CONFIG_RTC_DRV_BQ32K is not set
< # CONFIG_RTC_DRV_S35390A is not set
< # CONFIG_RTC_DRV_FM3130 is not set
< # CONFIG_RTC_DRV_RX8010 is not set
< # CONFIG_RTC_DRV_RX8581 is not set
< # CONFIG_RTC_DRV_RX8025 is not set
< # CONFIG_RTC_DRV_EM3027 is not set
< # CONFIG_RTC_DRV_RV8803 is not set
< 
< #
< # SPI RTC drivers
< #
< # CONFIG_RTC_DRV_M41T93 is not set
< # CONFIG_RTC_DRV_M41T94 is not set
< # CONFIG_RTC_DRV_DS1302 is not set
< # CONFIG_RTC_DRV_DS1305 is not set
< # CONFIG_RTC_DRV_DS1343 is not set
< # CONFIG_RTC_DRV_DS1347 is not set
< # CONFIG_RTC_DRV_DS1390 is not set
< # CONFIG_RTC_DRV_MAX6916 is not set
< # CONFIG_RTC_DRV_R9701 is not set
< # CONFIG_RTC_DRV_RX4581 is not set
< # CONFIG_RTC_DRV_RX6110 is not set
< # CONFIG_RTC_DRV_RS5C348 is not set
< # CONFIG_RTC_DRV_MAX6902 is not set
< # CONFIG_RTC_DRV_PCF2123 is not set
< # CONFIG_RTC_DRV_MCP795 is not set
< CONFIG_RTC_I2C_AND_SPI=y
< 
< #
< # SPI and I2C RTC drivers
< #
< # CONFIG_RTC_DRV_DS3232 is not set
< # CONFIG_RTC_DRV_PCF2127 is not set
< # CONFIG_RTC_DRV_RV3029C2 is not set
< 
< #
< # Platform RTC drivers
< #
< # CONFIG_RTC_DRV_CMOS is not set
< # CONFIG_RTC_DRV_DS1286 is not set
< # CONFIG_RTC_DRV_DS1511 is not set
< # CONFIG_RTC_DRV_DS1553 is not set
< # CONFIG_RTC_DRV_DS1685_FAMILY is not set
< # CONFIG_RTC_DRV_DS1742 is not set
< # CONFIG_RTC_DRV_DS2404 is not set
< # CONFIG_RTC_DRV_STK17TA8 is not set
< # CONFIG_RTC_DRV_M48T86 is not set
< # CONFIG_RTC_DRV_M48T35 is not set
< # CONFIG_RTC_DRV_M48T59 is not set
< # CONFIG_RTC_DRV_MSM6242 is not set
< # CONFIG_RTC_DRV_BQ4802 is not set
< # CONFIG_RTC_DRV_RP5C01 is not set
< # CONFIG_RTC_DRV_V3020 is not set
< CONFIG_RTC_DRV_SPEAR=y
< # CONFIG_RTC_DRV_ZYNQMP is not set
< 
< #
< # on-CPU RTC drivers
< #
< # CONFIG_RTC_DRV_PL030 is not set
< # CONFIG_RTC_DRV_PL031 is not set
< # CONFIG_RTC_DRV_FTRTC010 is not set
< # CONFIG_RTC_DRV_SNVS is not set
< # CONFIG_RTC_DRV_R7301 is not set
< 
< #
< # HID Sensor RTC drivers
< #
< # CONFIG_RTC_DRV_HID_SENSOR_TIME is not set
< CONFIG_DMADEVICES=y
< # CONFIG_DMADEVICES_DEBUG is not set
< 
< #
< # DMA Devices
< #
< CONFIG_DMA_ENGINE=y
< CONFIG_DMA_OF=y
< # CONFIG_ALTERA_MSGDMA is not set
< # CONFIG_AMBA_PL08X is not set
< # CONFIG_FSL_EDMA is not set
< # CONFIG_INTEL_IDMA64 is not set
< # CONFIG_NBPFAXI_DMA is not set
< # CONFIG_PL330_DMA is not set
< # CONFIG_QCOM_HIDMA_MGMT is not set
< # CONFIG_QCOM_HIDMA is not set
< CONFIG_DW_DMAC_CORE=y
< CONFIG_DW_DMAC=y
< # CONFIG_DW_DMAC_PCI is not set
< 
< #
< # DMA Clients
< #
< # CONFIG_ASYNC_TX_DMA is not set
< CONFIG_DMATEST=m
< CONFIG_DMA_ENGINE_RAID=y
---
> # CONFIG_RTC_CLASS is not set
> # CONFIG_DMADEVICES is not set
2565c1599,1630
< # CONFIG_STAGING is not set
---
> CONFIG_STAGING=y
> # CONFIG_IRDA is not set
> # CONFIG_COMEDI is not set
> 
> #
> # Speakup console speech
> #
> # CONFIG_SPEAKUP is not set
> # CONFIG_STAGING_MEDIA is not set
> 
> #
> # Android
> #
> # CONFIG_STAGING_BOARD is not set
> # CONFIG_LTE_GDM724X is not set
> # CONFIG_DGNC is not set
> CONFIG_GS_FPGABOOT=y
> # CONFIG_COMMON_CLK_XLNX_CLKWZRD is not set
> CONFIG_MOST=m
> CONFIG_MOSTCORE=m
> # CONFIG_AIM_CDEV is not set
> # CONFIG_AIM_NETWORK is not set
> # CONFIG_HDM_DIM2 is not set
> # CONFIG_HDM_USB is not set
> # CONFIG_KS7010 is not set
> # CONFIG_GREYBUS is not set
> # CONFIG_CRYPTO_DEV_CCREE is not set
> 
> #
> # USB Power Delivery and Type-C drivers
> #
> # CONFIG_TYPEC_TCPM is not set
2575,2581c1640
< CONFIG_CLK_HSDK=y
< # CONFIG_COMMON_CLK_SI5351 is not set
< # CONFIG_COMMON_CLK_SI514 is not set
< # CONFIG_COMMON_CLK_SI570 is not set
< # CONFIG_COMMON_CLK_CDCE706 is not set
< # CONFIG_COMMON_CLK_CDCE925 is not set
< # CONFIG_COMMON_CLK_CS2000_CP is not set
---
> # CONFIG_CLK_HSDK is not set
2586,2587c1645
< # CONFIG_COMMON_CLK_VC5 is not set
< # CONFIG_HWSPINLOCK is not set
---
> CONFIG_HWSPINLOCK=m
2594,2595c1652
< CONFIG_CLKSRC_MMIO=y
< CONFIG_ARM_TIMER_SP804=y
---
> # CONFIG_ARM_TIMER_SP804 is not set
2641c1698
< CONFIG_SOC_TI=y
---
> # CONFIG_SOC_TI is not set
2644,2645c1701
< CONFIG_MEMORY=y
< # CONFIG_ARM_PL172_MPMC is not set
---
> # CONFIG_MEMORY is not set
2651d1706
< CONFIG_ARM_GIC=y
2654,2667c1709
< CONFIG_RESET_CONTROLLER=y
< # CONFIG_RESET_ATH79 is not set
< # CONFIG_RESET_BERLIN is not set
< # CONFIG_RESET_IMX7 is not set
< # CONFIG_RESET_LANTIQ is not set
< # CONFIG_RESET_LPC18XX is not set
< # CONFIG_RESET_MESON is not set
< # CONFIG_RESET_PISTACHIO is not set
< # CONFIG_RESET_SOCFPGA is not set
< # CONFIG_RESET_STM32 is not set
< # CONFIG_RESET_SUNXI is not set
< # CONFIG_RESET_TI_SYSCON is not set
< # CONFIG_RESET_ZYNQ is not set
< # CONFIG_RESET_TEGRA_BPMP is not set
---
> # CONFIG_RESET_CONTROLLER is not set
2677,2678d1718
< CONFIG_PHY_ST_SPEAR1310_MIPHY=y
< CONFIG_PHY_ST_SPEAR1340_MIPHY=y
2681c1721,1726
< CONFIG_RAS=y
---
> 
> #
> # Performance monitor support
> #
> CONFIG_ARM_PMU=y
> # CONFIG_RAS is not set
2688c1733
< CONFIG_NVMEM=y
---
> # CONFIG_NVMEM is not set
2703,2704c1748
< CONFIG_FW_CFG_SYSFS=m
< # CONFIG_FW_CFG_SYSFS_CMDLINE is not set
---
> # CONFIG_FW_CFG_SYSFS is not set
2717,2719c1761
< CONFIG_EXT2_FS_XATTR=y
< # CONFIG_EXT2_FS_POSIX_ACL is not set
< CONFIG_EXT2_FS_SECURITY=y
---
> # CONFIG_EXT2_FS_XATTR is not set
2722c1764
< CONFIG_EXT3_FS_SECURITY=y
---
> # CONFIG_EXT3_FS_SECURITY is not set
2725c1767
< CONFIG_EXT4_FS_SECURITY=y
---
> # CONFIG_EXT4_FS_SECURITY is not set
2738c1780
< CONFIG_FS_POSIX_ACL=y
---
> # CONFIG_FS_POSIX_ACL is not set
2750,2752c1792,1793
< CONFIG_AUTOFS4_FS=m
< CONFIG_FUSE_FS=y
< # CONFIG_CUSE is not set
---
> # CONFIG_AUTOFS4_FS is not set
> # CONFIG_FUSE_FS is not set
2769,2774c1810,1811
< CONFIG_FAT_FS=m
< CONFIG_MSDOS_FS=m
< CONFIG_VFAT_FS=m
< CONFIG_FAT_DEFAULT_CODEPAGE=437
< CONFIG_FAT_DEFAULT_IOCHARSET="ascii"
< # CONFIG_FAT_DEFAULT_UTF8 is not set
---
> # CONFIG_MSDOS_FS is not set
> # CONFIG_VFAT_FS is not set
2786,2788c1823
< CONFIG_TMPFS=y
< # CONFIG_TMPFS_POSIX_ACL is not set
< # CONFIG_TMPFS_XATTR is not set
---
> # CONFIG_TMPFS is not set
2800,2810c1835
< CONFIG_JFFS2_FS=y
< CONFIG_JFFS2_FS_DEBUG=0
< CONFIG_JFFS2_FS_WRITEBUFFER=y
< # CONFIG_JFFS2_FS_WBUF_VERIFY is not set
< # CONFIG_JFFS2_SUMMARY is not set
< # CONFIG_JFFS2_FS_XATTR is not set
< # CONFIG_JFFS2_COMPRESSION_OPTIONS is not set
< CONFIG_JFFS2_ZLIB=y
< # CONFIG_JFFS2_LZO is not set
< CONFIG_JFFS2_RTIME=y
< # CONFIG_JFFS2_RUBIN is not set
---
> # CONFIG_JFFS2_FS is not set
2812a1838,1842
> # CONFIG_SQUASHFS_FILE_CACHE is not set
> # CONFIG_SQUASHFS_FILE_DIRECT is not set
> # CONFIG_SQUASHFS_DECOMP_SINGLE is not set
> # CONFIG_SQUASHFS_DECOMP_MULTI is not set
> # CONFIG_SQUASHFS_DECOMP_MULTI_PERCPU is not set
2820a1851,1853
> # CONFIG_PSTORE_ZLIB_COMPRESS is not set
> # CONFIG_PSTORE_LZO_COMPRESS is not set
> # CONFIG_PSTORE_LZ4_COMPRESS is not set
2824,2842d1856
< CONFIG_NFS_FS=y
< CONFIG_NFS_V2=y
< CONFIG_NFS_V3=y
< # CONFIG_NFS_V3_ACL is not set
< # CONFIG_NFS_V4 is not set
< # CONFIG_NFS_SWAP is not set
< CONFIG_ROOT_NFS=y
< # CONFIG_NFSD is not set
< CONFIG_GRACE_PERIOD=y
< CONFIG_LOCKD=y
< CONFIG_LOCKD_V4=y
< CONFIG_NFS_COMMON=y
< CONFIG_SUNRPC=y
< # CONFIG_SUNRPC_DEBUG is not set
< # CONFIG_CEPH_FS is not set
< # CONFIG_CIFS is not set
< # CONFIG_NCP_FS is not set
< # CONFIG_CODA_FS is not set
< # CONFIG_AFS_FS is not set
2844,2845c1858,1859
< CONFIG_NLS_DEFAULT="utf8"
< CONFIG_NLS_CODEPAGE_437=y
---
> CONFIG_NLS_DEFAULT="iso8859-1"
> # CONFIG_NLS_CODEPAGE_437 is not set
2868c1882
< CONFIG_NLS_ASCII=m
---
> # CONFIG_NLS_ASCII is not set
2902c1916
< # CONFIG_PRINTK_TIME is not set
---
> CONFIG_PRINTK_TIME=y
2906d1919
< CONFIG_DYNAMIC_DEBUG=y
2911,2915c1924
< CONFIG_DEBUG_INFO=y
< # CONFIG_DEBUG_INFO_REDUCED is not set
< # CONFIG_DEBUG_INFO_SPLIT is not set
< # CONFIG_DEBUG_INFO_DWARF4 is not set
< # CONFIG_GDB_SCRIPTS is not set
---
> # CONFIG_DEBUG_INFO is not set
2918c1927
< CONFIG_FRAME_WARN=1024
---
> CONFIG_FRAME_WARN=2048
2921c1930
< # CONFIG_UNUSED_SYMBOLS is not set
---
> CONFIG_UNUSED_SYMBOLS=y
2923c1932
< CONFIG_DEBUG_FS=y
---
> # CONFIG_DEBUG_FS is not set
2928,2930c1937
< CONFIG_MAGIC_SYSRQ=y
< CONFIG_MAGIC_SYSRQ_DEFAULT_ENABLE=0x1
< CONFIG_MAGIC_SYSRQ_SERIAL=y
---
> # CONFIG_MAGIC_SYSRQ is not set
2936,2938c1943,1948
< # CONFIG_PAGE_EXTENSION is not set
< # CONFIG_DEBUG_PAGEALLOC is not set
< # CONFIG_PAGE_POISONING is not set
---
> CONFIG_PAGE_EXTENSION=y
> CONFIG_DEBUG_PAGEALLOC=y
> CONFIG_DEBUG_PAGEALLOC_ENABLE_DEFAULT=y
> CONFIG_PAGE_POISONING=y
> # CONFIG_PAGE_POISONING_NO_SANITY is not set
> # CONFIG_PAGE_POISONING_ZERO is not set
2946c1956,1959
< # CONFIG_DEBUG_VM is not set
---
> CONFIG_DEBUG_VM=y
> # CONFIG_DEBUG_VM_VMACACHE is not set
> # CONFIG_DEBUG_VM_RB is not set
> # CONFIG_DEBUG_VM_PGFLAGS is not set
2971c1984
< CONFIG_DEBUG_SPINLOCK=y
---
> # CONFIG_DEBUG_SPINLOCK is not set
2983c1996
< # CONFIG_DEBUG_KOBJECT is not set
---
> CONFIG_DEBUG_KOBJECT=y
2985c1998
< CONFIG_DEBUG_LIST=y
---
> # CONFIG_DEBUG_LIST is not set
2998c2011
< CONFIG_RCU_TRACE=y
---
> # CONFIG_RCU_TRACE is not set
3012d2024
< CONFIG_TRACE_CLOCK=y
3014,3022c2026,2027
< CONFIG_FTRACE=y
< # CONFIG_FUNCTION_TRACER is not set
< # CONFIG_IRQSOFF_TRACER is not set
< # CONFIG_SCHED_TRACER is not set
< # CONFIG_HWLAT_TRACER is not set
< # CONFIG_ENABLE_DEFAULT_TRACERS is not set
< # CONFIG_FTRACE_SYSCALLS is not set
< # CONFIG_TRACER_SNAPSHOT is not set
< CONFIG_BRANCH_PROFILE_NONE=y
---
> # CONFIG_FTRACE is not set
> # CONFIG_BRANCH_PROFILE_NONE is not set
3025,3029d2029
< # CONFIG_STACK_TRACER is not set
< # CONFIG_BLK_DEV_IO_TRACE is not set
< # CONFIG_PROBE_EVENTS is not set
< # CONFIG_TRACEPOINT_BENCHMARK is not set
< CONFIG_TRACING_EVENTS_GPIO=y
3035d2034
< CONFIG_LKDTM=m
3051c2050
< CONFIG_TEST_LKM=m
---
> # CONFIG_TEST_LKM is not set
3058d2056
< # CONFIG_TEST_KMOD is not set
3063,3066c2061
< CONFIG_KGDB=y
< CONFIG_KGDB_SERIAL_CONSOLE=y
< # CONFIG_KGDB_TESTS is not set
< # CONFIG_KGDB_KDB is not set
---
> # CONFIG_KGDB is not set
3074,3080c2069,2070
< CONFIG_DEBUG_LL=y
< # CONFIG_DEBUG_SPEAR13XX is not set
< # CONFIG_DEBUG_ICEDCC is not set
< # CONFIG_DEBUG_SEMIHOSTING is not set
< # CONFIG_DEBUG_LL_UART_8250 is not set
< CONFIG_DEBUG_LL_UART_PL01X=y
< CONFIG_DEBUG_LL_INCLUDE="debug/pl01x.S"
---
> # CONFIG_DEBUG_LL is not set
> CONFIG_DEBUG_LL_INCLUDE="mach/debug-macro.S"
3082,3084d2071
< CONFIG_DEBUG_UART_PHYS=0xd457b000
< CONFIG_DEBUG_UART_VIRT=0xf457b000
< CONFIG_DEBUG_UNCOMPRESS=y
3086d2072
< CONFIG_EARLY_PRINTK=y
3109c2095
< CONFIG_CRYPTO_AEAD=m
---
> CONFIG_CRYPTO_AEAD=y
3114c2100
< CONFIG_CRYPTO_RNG=m
---
> CONFIG_CRYPTO_RNG=y
3116c2102
< CONFIG_CRYPTO_RNG_DEFAULT=m
---
> CONFIG_CRYPTO_RNG_DEFAULT=y
3123c2109
< CONFIG_CRYPTO_MANAGER=m
---
> CONFIG_CRYPTO_MANAGER=y
3128c2114
< CONFIG_CRYPTO_NULL=m
---
> CONFIG_CRYPTO_NULL=y
3143c2129
< CONFIG_CRYPTO_ECHAINIV=m
---
> CONFIG_CRYPTO_ECHAINIV=y
3161c2147
< CONFIG_CRYPTO_HMAC=m
---
> CONFIG_CRYPTO_HMAC=y
3181c2167
< CONFIG_CRYPTO_SHA256=m
---
> CONFIG_CRYPTO_SHA256=y
3190c2176
< CONFIG_CRYPTO_AES=y
---
> # CONFIG_CRYPTO_AES is not set
3221c2207
< CONFIG_CRYPTO_DRBG_MENU=m
---
> CONFIG_CRYPTO_DRBG_MENU=y
3224,3225c2210,2211
< CONFIG_CRYPTO_DRBG=m
< CONFIG_CRYPTO_JITTERENTROPY=m
---
> CONFIG_CRYPTO_DRBG=y
> CONFIG_CRYPTO_JITTERENTROPY=y
3266d2251
< CONFIG_AUDIT_GENERIC=y
3270d2254
< CONFIG_ZLIB_DEFLATE=y
3295,3296d2278
< CONFIG_GLOB=y
< # CONFIG_GLOB_SELFTEST is not set
3300c2282
< CONFIG_IRQ_POLL=y
---
> # CONFIG_IRQ_POLL is not set
3303c2285
< CONFIG_SG_POOL=y
---
> # CONFIG_SG_POOL is not set
3307c2289,2291
< # CONFIG_VIRTUALIZATION is not set
---
> CONFIG_VIRTUALIZATION=y
> # CONFIG_VHOST_NET is not set
> # CONFIG_VHOST_CROSS_ENDIAN_LEGACY is not set
